AR ila ila_a /home/student1/r2sagu/COE758/Project1CacheController/ProjectFiles/CacheController/ipcore_dir/ila.vhd sub00/vhpl15 1728867360
EN cachecontroller NULL /home/student1/r2sagu/COE758/Project1CacheController/ProjectFiles/CacheController/CacheController.vhd sub00/vhpl02 1728867365
AR icon icon_a /home/student1/r2sagu/COE758/Project1CacheController/ProjectFiles/CacheController/ipcore_dir/icon.vhd sub00/vhpl13 1728867358
EN sdramcontroller NULL /home/student1/r2sagu/COE758/Project1CacheController/ProjectFiles/CacheController/SDRAMController.vhd sub00/vhpl10 1728867369
EN icon NULL /home/student1/r2sagu/COE758/Project1CacheController/ProjectFiles/CacheController/ipcore_dir/icon.vhd sub00/vhpl12 1728867357
EN cpu_gen NULL /home/student1/r2sagu/COE758/Project1CacheController/ProjectFiles/CacheController/CPU_gen.vhd sub00/vhpl00 1728867363
EN bram NULL /home/student1/r2sagu/COE758/Project1CacheController/ProjectFiles/CacheController/ipcore_dir/bram.vhd sub00/vhpl04 1728867355
EN sram NULL /home/student1/r2sagu/COE758/Project1CacheController/ProjectFiles/CacheController/SRAM.vhd sub00/vhpl06 1728867367
AR cachecontroller behavioral /home/student1/r2sagu/COE758/Project1CacheController/ProjectFiles/CacheController/CacheController.vhd sub00/vhpl03 1728867366
AR cpu_gen behavioral /home/student1/r2sagu/COE758/Project1CacheController/ProjectFiles/CacheController/CPU_gen.vhd sub00/vhpl01 1728867364
AR bram bram_a /home/student1/r2sagu/COE758/Project1CacheController/ProjectFiles/CacheController/ipcore_dir/bram.vhd sub00/vhpl05 1728867356
EN vio NULL /home/student1/r2sagu/COE758/Project1CacheController/ProjectFiles/CacheController/ipcore_dir/vio.vhd sub00/vhpl16 1728867361
AR sdramcontroller behavioral /home/student1/r2sagu/COE758/Project1CacheController/ProjectFiles/CacheController/SDRAMController.vhd sub00/vhpl11 1728867370
AR vio vio_a /home/student1/r2sagu/COE758/Project1CacheController/ProjectFiles/CacheController/ipcore_dir/vio.vhd sub00/vhpl17 1728867362
EN control NULL /home/student1/r2sagu/COE758/Project1CacheController/ProjectFiles/CacheController/Control.vhd sub00/vhpl08 1728867371
AR control behavioral /home/student1/r2sagu/COE758/Project1CacheController/ProjectFiles/CacheController/Control.vhd sub00/vhpl09 1728867372
EN ila NULL /home/student1/r2sagu/COE758/Project1CacheController/ProjectFiles/CacheController/ipcore_dir/ila.vhd sub00/vhpl14 1728867359
AR sram behavioral /home/student1/r2sagu/COE758/Project1CacheController/ProjectFiles/CacheController/SRAM.vhd sub00/vhpl07 1728867368
