V3 35
FL /home/student1/r2sagu/COE758/Project1CacheController/ProjectFiles/CacheController/CacheController.vhd 2024/10/13.20:52:34 O.87xd
EN work/CacheController 1728867365 \
      FL /home/student1/r2sagu/COE758/Project1CacheController/ProjectFiles/CacheController/CacheController.vhd \
      PB ieee/std_logic_1164 1325952872 PB ieee/NUMERIC_STD 1325952877
AR work/CacheController/Behavioral 1728867366 \
      FL /home/student1/r2sagu/COE758/Project1CacheController/ProjectFiles/CacheController/CacheController.vhd \
      EN work/CacheController 1728867365
FL /home/student1/r2sagu/COE758/Project1CacheController/ProjectFiles/CacheController/Control.vhd 2024/10/13.20:44:51 O.87xd
EN work/Control 1728867371 \
      FL /home/student1/r2sagu/COE758/Project1CacheController/ProjectFiles/CacheController/Control.vhd \
      PB ieee/std_logic_1164 1325952872
AR work/Control/Behavioral 1728867372 \
      FL /home/student1/r2sagu/COE758/Project1CacheController/ProjectFiles/CacheController/Control.vhd \
      EN work/Control 1728867371 CP icon CP ila CP vio CP CPU_gen CP CacheController \
      CP SRAM CP SDRAMController
FL /home/student1/r2sagu/COE758/Project1CacheController/ProjectFiles/CacheController/CPU_gen.vhd 2024/10/12.23:36:24 O.87xd
EN work/CPU_gen 1728867363 \
      FL /home/student1/r2sagu/COE758/Project1CacheController/ProjectFiles/CacheController/CPU_gen.vhd \
      PB ieee/std_logic_1164 1325952872 PB ieee/std_logic_arith 1325952873 \
      PB ieee/STD_LOGIC_UNSIGNED 1325952875
AR work/CPU_gen/Behavioral 1728867364 \
      FL /home/student1/r2sagu/COE758/Project1CacheController/ProjectFiles/CacheController/CPU_gen.vhd \
      EN work/CPU_gen 1728867363
FL /home/student1/r2sagu/COE758/Project1CacheController/ProjectFiles/CacheController/ipcore_dir/BRAM.vhd 2024/09/29.15:10:28 O.87xd
EN work/BRAM 1728867355 \
      FL /home/student1/r2sagu/COE758/Project1CacheController/ProjectFiles/CacheController/ipcore_dir/BRAM.vhd \
      PB ieee/std_logic_1164 1325952872
AR work/BRAM/BRAM_a 1728867356 \
      FL /home/student1/r2sagu/COE758/Project1CacheController/ProjectFiles/CacheController/ipcore_dir/BRAM.vhd \
      EN work/BRAM 1728867355
FL /home/student1/r2sagu/COE758/Project1CacheController/ProjectFiles/CacheController/ipcore_dir/icon.vhd 2024/10/07.17:28:20 O.87xd
EN work/icon 1728867357 \
      FL /home/student1/r2sagu/COE758/Project1CacheController/ProjectFiles/CacheController/ipcore_dir/icon.vhd \
      PB ieee/std_logic_1164 1325952872
AR work/icon/icon_a 1728867358 \
      FL /home/student1/r2sagu/COE758/Project1CacheController/ProjectFiles/CacheController/ipcore_dir/icon.vhd \
      EN work/icon 1728867357
FL /home/student1/r2sagu/COE758/Project1CacheController/ProjectFiles/CacheController/ipcore_dir/ila.vhd 2024/10/07.17:23:46 O.87xd
EN work/ila 1728867359 \
      FL /home/student1/r2sagu/COE758/Project1CacheController/ProjectFiles/CacheController/ipcore_dir/ila.vhd \
      PB ieee/std_logic_1164 1325952872
AR work/ila/ila_a 1728867360 \
      FL /home/student1/r2sagu/COE758/Project1CacheController/ProjectFiles/CacheController/ipcore_dir/ila.vhd \
      EN work/ila 1728867359
FL /home/student1/r2sagu/COE758/Project1CacheController/ProjectFiles/CacheController/ipcore_dir/vio.vhd 2024/10/07.17:30:06 O.87xd
EN work/vio 1728867361 \
      FL /home/student1/r2sagu/COE758/Project1CacheController/ProjectFiles/CacheController/ipcore_dir/vio.vhd \
      PB ieee/std_logic_1164 1325952872
AR work/vio/vio_a 1728867362 \
      FL /home/student1/r2sagu/COE758/Project1CacheController/ProjectFiles/CacheController/ipcore_dir/vio.vhd \
      EN work/vio 1728867361
FL /home/student1/r2sagu/COE758/Project1CacheController/ProjectFiles/CacheController/SDRAMController.vhd 2024/10/13.20:44:26 O.87xd
EN work/SDRAMController 1728867369 \
      FL /home/student1/r2sagu/COE758/Project1CacheController/ProjectFiles/CacheController/SDRAMController.vhd \
      PB ieee/std_logic_1164 1325952872 PB ieee/NUMERIC_STD 1325952877
AR work/SDRAMController/Behavioral 1728867370 \
      FL /home/student1/r2sagu/COE758/Project1CacheController/ProjectFiles/CacheController/SDRAMController.vhd \
      EN work/SDRAMController 1728867369
FL /home/student1/r2sagu/COE758/Project1CacheController/ProjectFiles/CacheController/SRAM.vhd 2024/10/10.14:56:00 O.87xd
EN work/SRAM 1728867367 \
      FL /home/student1/r2sagu/COE758/Project1CacheController/ProjectFiles/CacheController/SRAM.vhd \
      PB ieee/std_logic_1164 1325952872
AR work/SRAM/Behavioral 1728867368 \
      FL /home/student1/r2sagu/COE758/Project1CacheController/ProjectFiles/CacheController/SRAM.vhd \
      EN work/SRAM 1728867367 CP bram
